// Jest Snapshot v1, https://goo.gl/fbAQLP

exports[`LoginUser should match the snapshot 1`] = `
ShallowWrapper {
  "length": 1,
  Symbol(enzyme.__root__): [Circular],
  Symbol(enzyme.__unrendered__): <LoginUser />,
  Symbol(enzyme.__renderer__): Object {
    "batchedUpdates": [Function],
    "getNode": [Function],
    "render": [Function],
    "simulateEvent": [Function],
    "unmount": [Function],
  },
  Symbol(enzyme.__node__): Object {
    "instance": null,
    "key": undefined,
    "nodeType": "host",
    "props": Object {
      "children": Array [
        <h5
          className="login_title"
>
          Account Login
</h5>,
        <input
          className="login_user"
          name="email"
          onChange={[Function]}
          placeholder="Email"
          type="text"
          value=""
/>,
        <input
          className="login_user"
          name="password"
          onChange={[Function]}
          placeholder="Password"
          type="password"
          value=""
/>,
        <button
          className="login_button"
>
          Submit
</button>,
      ],
      "className": "log_in",
      "onSubmit": [Function],
    },
    "ref": null,
    "rendered": Array [
      Object {
        "instance": null,
        "key": undefined,
        "nodeType": "host",
        "props": Object {
          "children": "Account Login",
          "className": "login_title",
        },
        "ref": null,
        "rendered": "Account Login",
        "type": "h5",
      },
      Object {
        "instance": null,
        "key": undefined,
        "nodeType": "host",
        "props": Object {
          "className": "login_user",
          "name": "email",
          "onChange": [Function],
          "placeholder": "Email",
          "type": "text",
          "value": "",
        },
        "ref": null,
        "rendered": null,
        "type": "input",
      },
      Object {
        "instance": null,
        "key": undefined,
        "nodeType": "host",
        "props": Object {
          "className": "login_user",
          "name": "password",
          "onChange": [Function],
          "placeholder": "Password",
          "type": "password",
          "value": "",
        },
        "ref": null,
        "rendered": null,
        "type": "input",
      },
      Object {
        "instance": null,
        "key": undefined,
        "nodeType": "host",
        "props": Object {
          "children": "Submit",
          "className": "login_button",
        },
        "ref": null,
        "rendered": "Submit",
        "type": "button",
      },
    ],
    "type": "form",
  },
  Symbol(enzyme.__nodes__): Array [
    Object {
      "instance": null,
      "key": undefined,
      "nodeType": "host",
      "props": Object {
        "children": Array [
          <h5
            className="login_title"
>
            Account Login
</h5>,
          <input
            className="login_user"
            name="email"
            onChange={[Function]}
            placeholder="Email"
            type="text"
            value=""
/>,
          <input
            className="login_user"
            name="password"
            onChange={[Function]}
            placeholder="Password"
            type="password"
            value=""
/>,
          <button
            className="login_button"
>
            Submit
</button>,
        ],
        "className": "log_in",
        "onSubmit": [Function],
      },
      "ref": null,
      "rendered": Array [
        Object {
          "instance": null,
          "key": undefined,
          "nodeType": "host",
          "props": Object {
            "children": "Account Login",
            "className": "login_title",
          },
          "ref": null,
          "rendered": "Account Login",
          "type": "h5",
        },
        Object {
          "instance": null,
          "key": undefined,
          "nodeType": "host",
          "props": Object {
            "className": "login_user",
            "name": "email",
            "onChange": [Function],
            "placeholder": "Email",
            "type": "text",
            "value": "",
          },
          "ref": null,
          "rendered": null,
          "type": "input",
        },
        Object {
          "instance": null,
          "key": undefined,
          "nodeType": "host",
          "props": Object {
            "className": "login_user",
            "name": "password",
            "onChange": [Function],
            "placeholder": "Password",
            "type": "password",
            "value": "",
          },
          "ref": null,
          "rendered": null,
          "type": "input",
        },
        Object {
          "instance": null,
          "key": undefined,
          "nodeType": "host",
          "props": Object {
            "children": "Submit",
            "className": "login_button",
          },
          "ref": null,
          "rendered": "Submit",
          "type": "button",
        },
      ],
      "type": "form",
    },
  ],
  Symbol(enzyme.__options__): Object {
    "adapter": ReactSixteenAdapter {
      "options": Object {
        "enableComponentDidUpdateOnSetState": true,
      },
    },
  },
}
`;
