// Jest Snapshot v1, https://goo.gl/fbAQLP

exports[`Card should match the snapshot 1`] = `
ShallowWrapper {
  "length": 1,
  Symbol(enzyme.__root__): [Circular],
  Symbol(enzyme.__unrendered__): <Unknown
    favorites={
        Array [
            Object {
              "movie_id": 1,
            },
            Object {},
            Object {},
          ]
    }
    handleRemove={[Function]}
    handleRemoveFavorite={[Function]}
    handleSubmitFavorite={[Function]}
    movie_id={1}
    overview="what?"
    poster_path="www.moviesarefoolish.com"
    release_date={56}
    title="movie"
    user={
        Object {
            "user_id": 2,
          }
    }
    vote_average={345}
/>,
  Symbol(enzyme.__renderer__): Object {
    "batchedUpdates": [Function],
    "getNode": [Function],
    "render": [Function],
    "simulateEvent": [Function],
    "unmount": [Function],
  },
  Symbol(enzyme.__node__): Object {
    "instance": null,
    "key": undefined,
    "nodeType": "host",
    "props": Object {
      "children": Array [
        <div
          className="card_image"
          style={
                    Object {
                              "backgroundImage": "url(https://image.tmdb.org/t/p/w500www.moviesarefoolish.com)",
                            }
          }
>
          <div
                    className="rating_div"
          >
                    <h1
                              className="card_rating"
                    >
                              345
                    </h1>
          </div>
</div>,
        <div
          className="remove_button"
          onClick={[Function]}
          type="button"
>
          un-favorite
</div>,
      ],
      "className": "card_div",
    },
    "ref": null,
    "rendered": Array [
      Object {
        "instance": null,
        "key": undefined,
        "nodeType": "host",
        "props": Object {
          "children": <div
            className="rating_div"
>
            <h1
                        className="card_rating"
            >
                        345
            </h1>
</div>,
          "className": "card_image",
          "style": Object {
            "backgroundImage": "url(https://image.tmdb.org/t/p/w500www.moviesarefoolish.com)",
          },
        },
        "ref": null,
        "rendered": Object {
          "instance": null,
          "key": undefined,
          "nodeType": "host",
          "props": Object {
            "children": <h1
              className="card_rating"
>
              345
</h1>,
            "className": "rating_div",
          },
          "ref": null,
          "rendered": Object {
            "instance": null,
            "key": undefined,
            "nodeType": "host",
            "props": Object {
              "children": 345,
              "className": "card_rating",
            },
            "ref": null,
            "rendered": 345,
            "type": "h1",
          },
          "type": "div",
        },
        "type": "div",
      },
      Object {
        "instance": null,
        "key": undefined,
        "nodeType": "host",
        "props": Object {
          "children": "un-favorite",
          "className": "remove_button",
          "onClick": [Function],
          "type": "button",
        },
        "ref": null,
        "rendered": "un-favorite",
        "type": "div",
      },
    ],
    "type": "div",
  },
  Symbol(enzyme.__nodes__): Array [
    Object {
      "instance": null,
      "key": undefined,
      "nodeType": "host",
      "props": Object {
        "children": Array [
          <div
            className="card_image"
            style={
                        Object {
                                    "backgroundImage": "url(https://image.tmdb.org/t/p/w500www.moviesarefoolish.com)",
                                  }
            }
>
            <div
                        className="rating_div"
            >
                        <h1
                                    className="card_rating"
                        >
                                    345
                        </h1>
            </div>
</div>,
          <div
            className="remove_button"
            onClick={[Function]}
            type="button"
>
            un-favorite
</div>,
        ],
        "className": "card_div",
      },
      "ref": null,
      "rendered": Array [
        Object {
          "instance": null,
          "key": undefined,
          "nodeType": "host",
          "props": Object {
            "children": <div
              className="rating_div"
>
              <h1
                            className="card_rating"
              >
                            345
              </h1>
</div>,
            "className": "card_image",
            "style": Object {
              "backgroundImage": "url(https://image.tmdb.org/t/p/w500www.moviesarefoolish.com)",
            },
          },
          "ref": null,
          "rendered": Object {
            "instance": null,
            "key": undefined,
            "nodeType": "host",
            "props": Object {
              "children": <h1
                className="card_rating"
>
                345
</h1>,
              "className": "rating_div",
            },
            "ref": null,
            "rendered": Object {
              "instance": null,
              "key": undefined,
              "nodeType": "host",
              "props": Object {
                "children": 345,
                "className": "card_rating",
              },
              "ref": null,
              "rendered": 345,
              "type": "h1",
            },
            "type": "div",
          },
          "type": "div",
        },
        Object {
          "instance": null,
          "key": undefined,
          "nodeType": "host",
          "props": Object {
            "children": "un-favorite",
            "className": "remove_button",
            "onClick": [Function],
            "type": "button",
          },
          "ref": null,
          "rendered": "un-favorite",
          "type": "div",
        },
      ],
      "type": "div",
    },
  ],
  Symbol(enzyme.__options__): Object {
    "adapter": ReactSixteenAdapter {
      "options": Object {
        "enableComponentDidUpdateOnSetState": true,
      },
    },
  },
}
`;
